python.exe : [32m[INFO] 2026-09-13 10:57:19,142 [RapidOCR] base.py:23: Using engine_name: torch[0m
At line:1 char:110
+ ... ERED = '1'; & 'H:\parser_studio\experiments\document_engines\docling_ ...
+                 ~~~~~~~~~~~~~~~~~~~~~~~~~~~~~~~~~~~~~~~~~~~~~~~~~~~~~~~~~
    + CategoryInfo          : NotSpecified: ([32m[INFO] 202...name: torch[0m:String) [], RemoteException
    + FullyQualifiedErrorId : NativeCommandError
 
[32m[INFO] 2026-09-13 10:57:19,167 [RapidOCR] device_config.py:57: Using CPU device[0m
[32m[INFO] 2026-09-13 10:57:19,190 [RapidOCR] download_file.py:60: File exists and is valid: H:\parser_studio\experime
nts\document_engines\docling_env\Lib\site-packages\rapidocr\models\PP-OCRv6_det_small.pth[0m
[32m[INFO] 2026-09-13 10:57:19,190 [RapidOCR] main.py:50: Using H:\parser_studio\experiments\document_engines\docling_
env\Lib\site-packages\rapidocr\models\PP-OCRv6_det_small.pth[0m
[32m[INFO] 2026-09-13 10:57:19,622 [RapidOCR] base.py:23: Using engine_name: torch[0m
[32m[INFO] 2026-09-13 10:57:19,623 [RapidOCR] device_config.py:57: Using CPU device[0m
[32m[INFO] 2026-09-13 10:57:19,634 [RapidOCR] download_file.py:60: File exists and is valid: H:\parser_studio\experime
nts\document_engines\docling_env\Lib\site-packages\rapidocr\models\ch_ptocr_mobile_v2.0_cls_mobile.pth[0m
[32m[INFO] 2026-09-13 10:57:19,634 [RapidOCR] main.py:50: Using H:\parser_studio\experiments\document_engines\docling_
env\Lib\site-packages\rapidocr\models\ch_ptocr_mobile_v2.0_cls_mobile.pth[0m
[32m[INFO] 2026-09-13 10:57:19,760 [RapidOCR] base.py:23: Using engine_name: torch[0m
[32m[INFO] 2026-09-13 10:57:19,760 [RapidOCR] device_config.py:57: Using CPU device[0m
[32m[INFO] 2026-09-13 10:57:19,815 [RapidOCR] download_file.py:60: File exists and is valid: H:\parser_studio\experime
nts\document_engines\docling_env\Lib\site-packages\rapidocr\models\PP-OCRv6_rec_small.pth[0m
[32m[INFO] 2026-09-13 10:57:19,815 [RapidOCR] main.py:50: Using H:\parser_studio\experiments\document_engines\docling_
env\Lib\site-packages\rapidocr\models\PP-OCRv6_rec_small.pth[0m

Loading weights:   0%|          | 0/770 [00:00<?, ?it/s]
Loading weights:  31%|███       | 237/770 [00:00<00:00, 2048.08it/s]
Loading weights:  57%|█████▋    | 442/770 [00:00<00:00, 1579.02it/s]
Loading weights: 100%|██████████| 770/770 [00:00<00:00, 2590.91it/s]
H:\parser_studio\experiments\document_engines\docling_env\Lib\site-packages\torch\nn\modules\conv.py:560: UserWarning: 
Using padding='same' with even kernel lengths and odd dilation may require a zero-padded copy of the input be created (
Triggered internally at C:\actions-runner\_work\pytorch\pytorch\aten\src\ATen\native\Convolution.cpp:1105.)
  return F.conv2d(
{
  "status": "ok",
  "file": "Faktura-1.pdf",
  "size_bytes": 193724,
  "is_digital": true,
  "n_pages_pdf": 1,
  "n_pages_docling": 1,
  "n_tables": 1,
  "n_cells": 95,
  "n_text_items": 0,
  "max_text_item_len": 0,
  "elapsed_total_s": 83.84,
  "docling_import_s": 29.22,
  "converter_init_s": 0.12,
  "convert_s": 54.44,
  "rss_pre_mb": 18.7,
  "rss_after_init_mb": 344.3,
  "rss_end_mb": 1095.0,
  "language": "unknown",
  "body_sample": ""
}
saved: H:\parser_studio\experiments\document_engines\quality_v3\raw_extraction\inventory_Faktura-1.json
The following objects are still open and will now be closed: [<PdfDocument 0x1f0f2dd4f50 from 'H:\\parser_studio\\tests
\\fakture\\Faktura-1.pdf'>]
